../Core/Src/main.c:102:6:TaskScheduleHandler	32	static
../Core/Src/main.c:193:5:main	8	static
../Core/Src/main.c:267:6:SystemClock_Config	88	static
../Core/Src/main.c:314:13:MX_ADC1_Init	24	static
../Core/Src/main.c:424:13:MX_I2C1_Init	8	static
../Core/Src/main.c:458:13:MX_TIM1_Init	32	static
../Core/Src/main.c:504:13:MX_TIM2_Init	64	static
../Core/Src/main.c:567:13:MX_TIM3_Init	32	static
../Core/Src/main.c:612:13:MX_TIM4_Init	32	static
../Core/Src/main.c:657:13:MX_USART1_UART_Init	8	static
../Core/Src/main.c:688:13:MX_DMA_Init	16	static
../Core/Src/main.c:706:13:MX_GPIO_Init	40	static
../Core/Src/main.c:763:6:HAL_ADC_ConvCpltCallback	24	static
../Core/Src/main.c:774:6:HAL_TIM_PeriodElapsedCallback	16	static
../Core/Src/main.c:782:6:HAL_GPIO_EXTI_Callback	32	static
../Core/Src/main.c:837:6:Error_Handler	4	static,ignoring_inline_asm
