Archive member included to satisfy reference by file (symbol)

c:/st/stm32cubeide_1.10.0/stm32cubeide/plugins/com.st.stm32cube.ide.mcu.externaltools.gnu-tools-for-stm32.10.3-2021.10.win32_1.0.0.202111181127/tools/bin/../lib/gcc/arm-none-eabi/10.3.1/../../../../arm-none-eabi/lib/thumb/v7-m/nofp\libc_nano.a(lib_a-errno.o)
                              ./Core/Src/syscalls.o (__errno)
c:/st/stm32cubeide_1.10.0/stm32cubeide/plugins/com.st.stm32cube.ide.mcu.externaltools.gnu-tools-for-stm32.10.3-2021.10.win32_1.0.0.202111181127/tools/bin/../lib/gcc/arm-none-eabi/10.3.1/../../../../arm-none-eabi/lib/thumb/v7-m/nofp\libc_nano.a(lib_a-exit.o)
                              c:/st/stm32cubeide_1.10.0/stm32cubeide/plugins/com.st.stm32cube.ide.mcu.externaltools.gnu-tools-for-stm32.10.3-2021.10.win32_1.0.0.202111181127/tools/bin/../lib/gcc/arm-none-eabi/10.3.1/../../../../arm-none-eabi/lib/thumb/v7-m/nofp/crt0.o (exit)
c:/st/stm32cubeide_1.10.0/stm32cubeide/plugins/com.st.stm32cube.ide.mcu.externaltools.gnu-tools-for-stm32.10.3-2021.10.win32_1.0.0.202111181127/tools/bin/../lib/gcc/arm-none-eabi/10.3.1/../../../../arm-none-eabi/lib/thumb/v7-m/nofp\libc_nano.a(lib_a-impure.o)
                              c:/st/stm32cubeide_1.10.0/stm32cubeide/plugins/com.st.stm32cube.ide.mcu.externaltools.gnu-tools-for-stm32.10.3-2021.10.win32_1.0.0.202111181127/tools/bin/../lib/gcc/arm-none-eabi/10.3.1/../../../../arm-none-eabi/lib/thumb/v7-m/nofp\libc_nano.a(lib_a-exit.o) (_global_impure_ptr)
c:/st/stm32cubeide_1.10.0/stm32cubeide/plugins/com.st.stm32cube.ide.mcu.externaltools.gnu-tools-for-stm32.10.3-2021.10.win32_1.0.0.202111181127/tools/bin/../lib/gcc/arm-none-eabi/10.3.1/../../../../arm-none-eabi/lib/thumb/v7-m/nofp\libc_nano.a(lib_a-init.o)
                              c:/st/stm32cubeide_1.10.0/stm32cubeide/plugins/com.st.stm32cube.ide.mcu.externaltools.gnu-tools-for-stm32.10.3-2021.10.win32_1.0.0.202111181127/tools/bin/../lib/gcc/arm-none-eabi/10.3.1/../../../../arm-none-eabi/lib/thumb/v7-m/nofp/crt0.o (__libc_init_array)
c:/st/stm32cubeide_1.10.0/stm32cubeide/plugins/com.st.stm32cube.ide.mcu.externaltools.gnu-tools-for-stm32.10.3-2021.10.win32_1.0.0.202111181127/tools/bin/../lib/gcc/arm-none-eabi/10.3.1/../../../../arm-none-eabi/lib/thumb/v7-m/nofp\libc_nano.a(lib_a-memset.o)
                              c:/st/stm32cubeide_1.10.0/stm32cubeide/plugins/com.st.stm32cube.ide.mcu.externaltools.gnu-tools-for-stm32.10.3-2021.10.win32_1.0.0.202111181127/tools/bin/../lib/gcc/arm-none-eabi/10.3.1/../../../../arm-none-eabi/lib/thumb/v7-m/nofp/crt0.o (memset)
c:/st/stm32cubeide_1.10.0/stm32cubeide/plugins/com.st.stm32cube.ide.mcu.externaltools.gnu-tools-for-stm32.10.3-2021.10.win32_1.0.0.202111181127/tools/bin/../lib/gcc/arm-none-eabi/10.3.1/thumb/v7-m/nofp\libgcc.a(_arm_mulsf3.o)
                              ./Core/Src/main.o (__aeabi_fmul)
c:/st/stm32cubeide_1.10.0/stm32cubeide/plugins/com.st.stm32cube.ide.mcu.externaltools.gnu-tools-for-stm32.10.3-2021.10.win32_1.0.0.202111181127/tools/bin/../lib/gcc/arm-none-eabi/10.3.1/thumb/v7-m/nofp\libgcc.a(_arm_addsubsf3.o)
                              ./Core/Src/main.o (__aeabi_ui2f)
c:/st/stm32cubeide_1.10.0/stm32cubeide/plugins/com.st.stm32cube.ide.mcu.externaltools.gnu-tools-for-stm32.10.3-2021.10.win32_1.0.0.202111181127/tools/bin/../lib/gcc/arm-none-eabi/10.3.1/thumb/v7-m/nofp\libgcc.a(_arm_muldivsf3.o)
                              ./Core/Src/main.o (__aeabi_fdiv)
c:/st/stm32cubeide_1.10.0/stm32cubeide/plugins/com.st.stm32cube.ide.mcu.externaltools.gnu-tools-for-stm32.10.3-2021.10.win32_1.0.0.202111181127/tools/bin/../lib/gcc/arm-none-eabi/10.3.1/thumb/v7-m/nofp\libgcc.a(_arm_fixunssfsi.o)
                              ./Core/Src/main.o (__aeabi_f2uiz)

Discarded input sections

 .text          0x0000000000000000        0x0 c:/st/stm32cubeide_1.10.0/stm32cubeide/plugins/com.st.stm32cube.ide.mcu.externaltools.gnu-tools-for-stm32.10.3-2021.10.win32_1.0.0.202111181127/tools/bin/../lib/gcc/arm-none-eabi/10.3.1/thumb/v7-m/nofp/crti.o
 .data          0x0000000000000000        0x0 c:/st/stm32cubeide_1.10.0/stm32cubeide/plugins/com.st.stm32cube.ide.mcu.externaltools.gnu-tools-for-stm32.10.3-2021.10.win32_1.0.0.202111181127/tools/bin/../lib/gcc/arm-none-eabi/10.3.1/thumb/v7-m/nofp/crti.o
 .bss           0x0000000000000000        0x0 c:/st/stm32cubeide_1.10.0/stm32cubeide/plugins/com.st.stm32cube.ide.mcu.externaltools.gnu-tools-for-stm32.10.3-2021.10.win32_1.0.0.202111181127/tools/bin/../lib/gcc/arm-none-eabi/10.3.1/thumb/v7-m/nofp/crti.o
 .data          0x0000000000000000        0x4 c:/st/stm32cubeide_1.10.0/stm32cubeide/plugins/com.st.stm32cube.ide.mcu.externaltools.gnu-tools-for-stm32.10.3-2021.10.win32_1.0.0.202111181127/tools/bin/../lib/gcc/arm-none-eabi/10.3.1/thumb/v7-m/nofp/crtbegin.o
[...]
Memory Configuration

Name             Origin             Length             Attributes
RAM              0x0000000020000000 0x0000000000005000 xrw
FLASH            0x0000000008000000 0x0000000000010000 xr
*default*        0x0000000000000000 0xffffffffffffffff

Linker script and memory map

LOAD c:/st/stm32cubeide_1.10.0/stm32cubeide/plugins/com.st.stm32cube.ide.mcu.externaltools.gnu-tools-for-stm32.10.3-2021.10.win32_1.0.0.202111181127/tools/bin/../lib/gcc/arm-none-eabi/10.3.1/thumb/v7-m/nofp/crti.o
LOAD c:/st/stm32cubeide_1.10.0/stm32cubeide/plugins/com.st.stm32cube.ide.mcu.externaltools.gnu-tools-for-stm32.10.3-2021.10.win32_1.0.0.202111181127/tools/bin/../lib/gcc/arm-none-eabi/10.3.1/thumb/v7-m/nofp/crtbegin.o
LOAD c:/st/stm32cubeide_1.10.0/stm32cubeide/plugins/com.st.stm32cube.ide.mcu.externaltools.gnu-tools-for-stm32.10.3-2021.10.win32_1.0.0.202111181127/tools/bin/../lib/gcc/arm-none-eabi/10.3.1/../../../../arm-none-eabi/lib/thumb/v7-m/nofp/crt0.o
LOAD ./Core/Src/control.o
LOAD ./Core/Src/main.o
LOAD ./Core/Src/mathops.o
LOAD ./Core/Src/stm32_utils.o
LOAD ./Core/Src/stm32f1xx_hal_msp.o
LOAD ./Core/Src/stm32f1xx_it.o
LOAD ./Core/Src/syscalls.o
LOAD ./Core/Src/sysmem.o
LOAD ./Core/Src/system_stm32f1xx.o
LOAD ./Core/Startup/startup_stm32f103c8tx.o
LOAD ./Drivers/STM32F1xx_HAL_Driver/Src/stm32f1xx_hal.o
LOAD ./Drivers/STM32F1xx_HAL_Driver/Src/stm32f1xx_hal_adc.o
LOAD ./Drivers/STM32F1xx_HAL_Driver/Src/stm32f1xx_hal_adc_ex.o
LOAD ./Drivers/STM32F1xx_HAL_Driver/Src/stm32f1xx_hal_cortex.o
LOAD ./Drivers/STM32F1xx_HAL_Driver/Src/stm32f1xx_hal_dma.o
LOAD ./Drivers/STM32F1xx_HAL_Driver/Src/stm32f1xx_hal_exti.o
LOAD ./Drivers/STM32F1xx_HAL_Driver/Src/stm32f1xx_hal_flash.o
LOAD ./Drivers/STM32F1xx_HAL_Driver/Src/stm32f1xx_hal_flash_ex.o
LOAD ./Drivers/STM32F1xx_HAL_Driver/Src/stm32f1xx_hal_gpio.o
LOAD ./Drivers/STM32F1xx_HAL_Driver/Src/stm32f1xx_hal_gpio_ex.o
LOAD ./Drivers/STM32F1xx_HAL_Driver/Src/stm32f1xx_hal_i2c.o
LOAD ./Drivers/STM32F1xx_HAL_Driver/Src/stm32f1xx_hal_pwr.o
LOAD ./Drivers/STM32F1xx_HAL_Driver/Src/stm32f1xx_hal_rcc.o
LOAD ./Drivers/STM32F1xx_HAL_Driver/Src/stm32f1xx_hal_rcc_ex.o
LOAD ./Drivers/STM32F1xx_HAL_Driver/Src/stm32f1xx_hal_tim.o
LOAD ./Drivers/STM32F1xx_HAL_Driver/Src/stm32f1xx_hal_tim_ex.o
LOAD ./Drivers/STM32F1xx_HAL_Driver/Src/stm32f1xx_hal_uart.o
START GROUP
LOAD c:/st/stm32cubeide_1.10.0/stm32cubeide/plugins/com.st.stm32cube.ide.mcu.externaltools.gnu-tools-for-stm32.10.3-2021.10.win32_1.0.0.202111181127/tools/bin/../lib/gcc/arm-none-eabi/10.3.1/../../../../arm-none-eabi/lib/thumb/v7-m/nofp\libc_nano.a
LOAD c:/st/stm32cubeide_1.10.0/stm32cubeide/plugins/com.st.stm32cube.ide.mcu.externaltools.gnu-tools-for-stm32.10.3-2021.10.win32_1.0.0.202111181127/tools/bin/../lib/gcc/arm-none-eabi/10.3.1/../../../../arm-none-eabi/lib/thumb/v7-m/nofp\libm.a
END GROUP
START GROUP
LOAD c:/st/stm32cubeide_1.10.0/stm32cubeide/plugins/com.st.stm32cube.ide.mcu.externaltools.gnu-tools-for-stm32.10.3-2021.10.win32_1.0.0.202111181127/tools/bin/../lib/gcc/arm-none-eabi/10.3.1/thumb/v7-m/nofp\libgcc.a
LOAD c:/st/stm32cubeide_1.10.0/stm32cubeide/plugins/com.st.stm32cube.ide.mcu.externaltools.gnu-tools-for-stm32.10.3-2021.10.win32_1.0.0.202111181127/tools/bin/../lib/gcc/arm-none-eabi/10.3.1/../../../../arm-none-eabi/lib/thumb/v7-m/nofp\libc_nano.a
END GROUP
START GROUP
LOAD c:/st/stm32cubeide_1.10.0/stm32cubeide/plugins/com.st.stm32cube.ide.mcu.externaltools.gnu-tools-for-stm32.10.3-2021.10.win32_1.0.0.202111181127/tools/bin/../lib/gcc/arm-none-eabi/10.3.1/thumb/v7-m/nofp\libgcc.a
LOAD c:/st/stm32cubeide_1.10.0/stm32cubeide/plugins/com.st.stm32cube.ide.mcu.externaltools.gnu-tools-for-stm32.10.3-2021.10.win32_1.0.0.202111181127/tools/bin/../lib/gcc/arm-none-eabi/10.3.1/../../../../arm-none-eabi/lib/thumb/v7-m/nofp\libc_nano.a
LOAD c:/st/stm32cubeide_1.10.0/stm32cubeide/plugins/com.st.stm32cube.ide.mcu.externaltools.gnu-tools-for-stm32.10.3-2021.10.win32_1.0.0.202111181127/tools/bin/../lib/gcc/arm-none-eabi/10.3.1/../../../../arm-none-eabi/lib/thumb/v7-m/nofp\libnosys.a
END GROUP
START GROUP
LOAD c:/st/stm32cubeide_1.10.0/stm32cubeide/plugins/com.st.stm32cube.ide.mcu.externaltools.gnu-tools-for-stm32.10.3-2021.10.win32_1.0.0.202111181127/tools/bin/../lib/gcc/arm-none-eabi/10.3.1/thumb/v7-m/nofp\libgcc.a
LOAD c:/st/stm32cubeide_1.10.0/stm32cubeide/plugins/com.st.stm32cube.ide.mcu.externaltools.gnu-tools-for-stm32.10.3-2021.10.win32_1.0.0.202111181127/tools/bin/../lib/gcc/arm-none-eabi/10.3.1/../../../../arm-none-eabi/lib/thumb/v7-m/nofp\libc_nano.a
LOAD c:/st/stm32cubeide_1.10.0/stm32cubeide/plugins/com.st.stm32cube.ide.mcu.externaltools.gnu-tools-for-stm32.10.3-2021.10.win32_1.0.0.202111181127/tools/bin/../lib/gcc/arm-none-eabi/10.3.1/../../../../arm-none-eabi/lib/thumb/v7-m/nofp\libnosys.a
END GROUP
LOAD c:/st/stm32cubeide_1.10.0/stm32cubeide/plugins/com.st.stm32cube.ide.mcu.externaltools.gnu-tools-for-stm32.10.3-2021.10.win32_1.0.0.202111181127/tools/bin/../lib/gcc/arm-none-eabi/10.3.1/thumb/v7-m/nofp/crtend.o
LOAD c:/st/stm32cubeide_1.10.0/stm32cubeide/plugins/com.st.stm32cube.ide.mcu.externaltools.gnu-tools-for-stm32.10.3-2021.10.win32_1.0.0.202111181127/tools/bin/../lib/gcc/arm-none-eabi/10.3.1/thumb/v7-m/nofp/crtn.o
                0x0000000020005000                _estack = (ORIGIN (RAM) + LENGTH (RAM))
                0x0000000000000200                _Min_Heap_Size = 0x200
                0x0000000000000400                _Min_Stack_Size = 0x400

.isr_vector     0x0000000008000000      0x10c
                0x0000000008000000                . = ALIGN (0x4)
 *(.isr_vector)
 .isr_vector    0x0000000008000000      0x10c ./Core/Startup/startup_stm32f103c8tx.o
                0x0000000008000000                g_pfnVectors
                0x000000000800010c                . = ALIGN (0x4)

.text           0x000000000800010c     0x4de4
                0x000000000800010c                . = ALIGN (0x4)
 *(.text)
 .text          0x000000000800010c       0x40 c:/st/stm32cubeide_1.10.0/stm32cubeide/plugins/com.st.stm32cube.ide.mcu.externaltools.gnu-tools-for-stm32.10.3-2021.10.win32_1.0.0.202111181127/tools/bin/../lib/gcc/arm-none-eabi/10.3.1/thumb/v7-m/nofp/crtbegin.o
 .text          0x000000000800014c      0x21c c:/st/stm32cubeide_1.10.0/stm32cubeide/plugins/com.st.stm32cube.ide.mcu.externaltools.gnu-tools-for-stm32.10.3-2021.10.win32_1.0.0.202111181127/tools/bin/../lib/gcc/arm-none-eabi/10.3.1/thumb/v7-m/nofp\libgcc.a(_arm_addsubsf3.o)
                0x000000000800014c                __aeabi_frsub
                0x0000000008000154                __subsf3
                0x0000000008000154                __aeabi_fsub
                0x0000000008000158                __aeabi_fadd
                0x0000000008000158                __addsf3
                0x00000000080002b8                __aeabi_ui2f
                0x00000000080002b8                __floatunsisf
                0x00000000080002c0                __aeabi_i2f
                0x00000000080002c0                __floatsisf
                0x00000000080002dc                __aeabi_ul2f
                0x00000000080002dc                __floatundisf
                0x00000000080002ec                __aeabi_l2f
                0x00000000080002ec                __floatdisf
 .text          0x0000000008000368      0x2a0 c:/st/stm32cubeide_1.10.0/stm32cubeide/plugins/com.st.stm32cube.ide.mcu.externaltools.gnu-tools-for-stm32.10.3-2021.10.win32_1.0.0.202111181127/tools/bin/../lib/gcc/arm-none-eabi/10.3.1/thumb/v7-m/nofp\libgcc.a(_arm_muldivsf3.o)
                0x0000000008000368                __mulsf3
                0x0000000008000368                __aeabi_fmul
                0x00000000080004d0                __aeabi_fdiv
                0x00000000080004d0                __divsf3
 .text          0x0000000008000608       0x40 c:/st/stm32cubeide_1.10.0/stm32cubeide/plugins/com.st.stm32cube.ide.mcu.externaltools.gnu-tools-for-stm32.10.3-2021.10.win32_1.0.0.202111181127/tools/bin/../lib/gcc/arm-none-eabi/10.3.1/thumb/v7-m/nofp\libgcc.a(_arm_fixunssfsi.o)
                0x0000000008000608                __fixunssfsi
                0x0000000008000608                __aeabi_f2uiz
 *(.text*)
 .text.SetSteer
                0x0000000008000648       0x20 ./Core/Src/control.o
                0x0000000008000648                SetSteer
 .text.SetSpeed
                0x0000000008000668       0x20 ./Core/Src/control.o
                0x0000000008000668                SetSpeed
 .text.TaskScheduleHandler
                0x0000000008000688      0x2dc ./Core/Src/main.o
                0x0000000008000688                TaskScheduleHandler
 .text.main     0x0000000008000964       0xe4 ./Core/Src/main.o
                0x0000000008000964                main
 .text.SystemClock_Config
                0x0000000008000a48       0xb6 ./Core/Src/main.o
                0x0000000008000a48                SystemClock_Config
 *fill*         0x0000000008000afe        0x2 
 .text.MX_ADC1_Init
                0x0000000008000b00      0x144 ./Core/Src/main.o
 .text.MX_I2C1_Init
                0x0000000008000c44       0x5c ./Core/Src/main.o
 .text.MX_TIM1_Init
                0x0000000008000ca0       0xa0 ./Core/Src/main.o
 .text.MX_TIM2_Init
                0x0000000008000d40      0x100 ./Core/Src/main.o
 .text.MX_TIM3_Init
                0x0000000008000e40       0x9c ./Core/Src/main.o
 .text.MX_TIM4_Init
                0x0000000008000edc       0x98 ./Core/Src/main.o
 .text.MX_USART1_UART_Init
                0x0000000008000f74       0x54 ./Core/Src/main.o
 .text.MX_DMA_Init
                0x0000000008000fc8       0x3c ./Core/Src/main.o
 .text.MX_GPIO_Init
                0x0000000008001004      0x138 ./Core/Src/main.o
 .text.HAL_ADC_ConvCpltCallback
                0x000000000800113c       0x5c ./Core/Src/main.o
                0x000000000800113c                HAL_ADC_ConvCpltCallback
 .text.HAL_TIM_PeriodElapsedCallback
                0x0000000008001198       0x3c ./Core/Src/main.o
                0x0000000008001198                HAL_TIM_PeriodElapsedCallback
 .text.HAL_GPIO_EXTI_Callback
                0x00000000080011d4      0x1a4 ./Core/Src/main.o
                0x00000000080011d4                HAL_GPIO_EXTI_Callback
 .text.Error_Handler
                0x0000000008001378        0xa ./Core/Src/main.o
                0x0000000008001378                Error_Handler
 .text.Integrate
                0x0000000008001382       0x2a ./Core/Src/mathops.o
                0x0000000008001382                Integrate
 .text.Derivitive
                0x00000000080013ac       0x74 ./Core/Src/mathops.o
                0x00000000080013ac                Derivitive
 .text.PID_SetGain
                0x0000000008001420       0x2a ./Core/Src/mathops.o
                0x0000000008001420                PID_SetGain
 .text.PID_Reset
                0x000000000800144a       0x1e ./Core/Src/mathops.o
                0x000000000800144a                PID_Reset
 .text.PID_UpdateSetpoint
                0x0000000008001468       0x1a ./Core/Src/mathops.o
                0x0000000008001468                PID_UpdateSetpoint
 *fill*         0x0000000008001482        0x2 
 .text.PID_Compute
                0x0000000008001484       0x6c ./Core/Src/mathops.o
                0x0000000008001484                PID_Compute
 .text.PID_Compute_Distance
                0x00000000080014f0       0x7c ./Core/Src/mathops.o
                0x00000000080014f0                PID_Compute_Distance
 .text.RUNTIME_AVERAGE_Update
                0x000000000800156c       0x64 ./Core/Src/mathops.o
                0x000000000800156c                RUNTIME_AVERAGE_Update
 .text.RUNTIME_AVERAGE_Reset
                0x00000000080015d0       0x18 ./Core/Src/mathops.o
                0x00000000080015d0                RUNTIME_AVERAGE_Reset
 .text.ScheduleTask
                0x00000000080015e8       0xc4 ./Core/Src/stm32_utils.o
                0x00000000080015e8                ScheduleTask
 .text.ScheduleTaskStop
                0x00000000080016ac       0x20 ./Core/Src/stm32_utils.o
                0x00000000080016ac                ScheduleTaskStop
 .text.TaskScheduleSoftClock
                0x00000000080016cc       0xcc ./Core/Src/stm32_utils.o
                0x00000000080016cc                TaskScheduleSoftClock
 .text.TaskScheduleSoftClock_FlagSet
                0x0000000008001798       0x18 ./Core/Src/stm32_utils.o
                0x0000000008001798                TaskScheduleSoftClock_FlagSet
 .text.clamp    0x00000000080017b0       0x30 ./Core/Src/stm32_utils.o
                0x00000000080017b0                clamp
 .text.HAL_MspInit
                0x00000000080017e0       0x64 ./Core/Src/stm32f1xx_hal_msp.o
                0x00000000080017e0                HAL_MspInit
 .text.HAL_ADC_MspInit
                0x0000000008001844       0xe0 ./Core/Src/stm32f1xx_hal_msp.o
                0x0000000008001844                HAL_ADC_MspInit
 .text.HAL_I2C_MspInit
                0x0000000008001924       0xa0 ./Core/Src/stm32f1xx_hal_msp.o
                0x0000000008001924                HAL_I2C_MspInit
 .text.HAL_TIM_Base_MspInit
                0x00000000080019c4       0xd0 ./Core/Src/stm32f1xx_hal_msp.o
                0x00000000080019c4                HAL_TIM_Base_MspInit
 .text.HAL_TIM_MspPostInit
                0x0000000008001a94       0xc0 ./Core/Src/stm32f1xx_hal_msp.o
                0x0000000008001a94                HAL_TIM_MspPostInit
 .text.HAL_UART_MspInit
                0x0000000008001b54       0xb4 ./Core/Src/stm32f1xx_hal_msp.o
                0x0000000008001b54                HAL_UART_MspInit
 .text.NMI_Handler
                0x0000000008001c08        0x6 ./Core/Src/stm32f1xx_it.o
                0x0000000008001c08                NMI_Handler
 .text.HardFault_Handler
                0x0000000008001c0e        0x6 ./Core/Src/stm32f1xx_it.o
                0x0000000008001c0e                HardFault_Handler
 .text.MemManage_Handler
                0x0000000008001c14        0x6 ./Core/Src/stm32f1xx_it.o
                0x0000000008001c14                MemManage_Handler
 .text.BusFault_Handler
                0x0000000008001c1a        0x6 ./Core/Src/stm32f1xx_it.o
                0x0000000008001c1a                BusFault_Handler
 .text.UsageFault_Handler
                0x0000000008001c20        0x6 ./Core/Src/stm32f1xx_it.o
                0x0000000008001c20                UsageFault_Handler
 .text.SVC_Handler
                0x0000000008001c26        0xc ./Core/Src/stm32f1xx_it.o
                0x0000000008001c26                SVC_Handler
 .text.DebugMon_Handler
                0x0000000008001c32        0xc ./Core/Src/stm32f1xx_it.o
                0x0000000008001c32                DebugMon_Handler
 .text.PendSV_Handler
                0x0000000008001c3e        0xc ./Core/Src/stm32f1xx_it.o
                0x0000000008001c3e                PendSV_Handler
 .text.SysTick_Handler
                0x0000000008001c4a        0xc ./Core/Src/stm32f1xx_it.o
                0x0000000008001c4a                SysTick_Handler
 .text.EXTI1_IRQHandler
                0x0000000008001c56        0xe ./Core/Src/stm32f1xx_it.o
                0x0000000008001c56                EXTI1_IRQHandler
 .text.DMA1_Channel1_IRQHandler
                0x0000000008001c64       0x14 ./Core/Src/stm32f1xx_it.o
                0x0000000008001c64                DMA1_Channel1_IRQHandler
 .text.ADC1_2_IRQHandler
                0x0000000008001c78       0x14 ./Core/Src/stm32f1xx_it.o
                0x0000000008001c78                ADC1_2_IRQHandler
 .text.TIM1_UP_IRQHandler
                0x0000000008001c8c       0x14 ./Core/Src/stm32f1xx_it.o
                0x0000000008001c8c                TIM1_UP_IRQHandler
 .text.TIM4_IRQHandler
                0x0000000008001ca0       0x14 ./Core/Src/stm32f1xx_it.o
                0x0000000008001ca0                TIM4_IRQHandler
 .text.SystemInit
                0x0000000008001cb4        0xc ./Core/Src/system_stm32f1xx.o
                0x0000000008001cb4                SystemInit
 .text.Reset_Handler
                0x0000000008001cc0       0x48 ./Core/Startup/startup_stm32f103c8tx.o
                0x0000000008001cc0                Reset_Handler
 .text.Default_Handler
                0x0000000008001d08        0x2 ./Core/Startup/startup_stm32f103c8tx.o
                0x0000000008001d08                RTC_Alarm_IRQHandler
                0x0000000008001d08                EXTI2_IRQHandler
                0x0000000008001d08                TIM1_CC_IRQHandler
                0x0000000008001d08                PVD_IRQHandler
                0x0000000008001d08                EXTI3_IRQHandler
                0x0000000008001d08                EXTI0_IRQHandler
                0x0000000008001d08                I2C2_EV_IRQHandler
                0x0000000008001d08                SPI1_IRQHandler
                0x0000000008001d08                TAMPER_IRQHandler
                0x0000000008001d08                DMA1_Channel4_IRQHandler
                0x0000000008001d08                USART3_IRQHandler
                0x0000000008001d08                RTC_IRQHandler
                0x0000000008001d08                DMA1_Channel7_IRQHandler
                0x0000000008001d08                CAN1_RX1_IRQHandler
                0x0000000008001d08                I2C1_EV_IRQHandler
                0x0000000008001d08                DMA1_Channel6_IRQHandler
                0x0000000008001d08                TIM3_IRQHandler
                0x0000000008001d08                RCC_IRQHandler
                0x0000000008001d08                TIM1_TRG_COM_IRQHandler
                0x0000000008001d08                Default_Handler
                0x0000000008001d08                EXTI15_10_IRQHandler
                0x0000000008001d08                EXTI9_5_IRQHandler
                0x0000000008001d08                SPI2_IRQHandler
                0x0000000008001d08                DMA1_Channel5_IRQHandler
                0x0000000008001d08                EXTI4_IRQHandler
                0x0000000008001d08                USB_LP_CAN1_RX0_IRQHandler
                0x0000000008001d08                USB_HP_CAN1_TX_IRQHandler
                0x0000000008001d08                DMA1_Channel3_IRQHandler
                0x0000000008001d08                WWDG_IRQHandler
                0x0000000008001d08                TIM2_IRQHandler
                0x0000000008001d08                TIM1_BRK_IRQHandler
                0x0000000008001d08                USART2_IRQHandler
                0x0000000008001d08                I2C2_ER_IRQHandler
                0x0000000008001d08                DMA1_Channel2_IRQHandler
                0x0000000008001d08                CAN1_SCE_IRQHandler
                0x0000000008001d08                FLASH_IRQHandler
                0x0000000008001d08                USART1_IRQHandler
                0x0000000008001d08                I2C1_ER_IRQHandler
                0x0000000008001d08                USBWakeUp_IRQHandler
 *fill*         0x0000000008001d0a        0x2 
 .text.HAL_Init
                0x0000000008001d0c       0x2c ./Drivers/STM32F1xx_HAL_Driver/Src/stm32f1xx_hal.o
                0x0000000008001d0c                HAL_Init
 .text.HAL_InitTick
                0x0000000008001d38       0x60 ./Drivers/STM32F1xx_HAL_Driver/Src/stm32f1xx_hal.o
                0x0000000008001d38                HAL_InitTick
 .text.HAL_IncTick
                0x0000000008001d98       0x24 ./Drivers/STM32F1xx_HAL_Driver/Src/stm32f1xx_hal.o
                0x0000000008001d98                HAL_IncTick
 .text.HAL_GetTick
                0x0000000008001dbc       0x14 ./Drivers/STM32F1xx_HAL_Driver/Src/stm32f1xx_hal.o
                0x0000000008001dbc                HAL_GetTick
 .text.HAL_Delay
                0x0000000008001dd0       0x48 ./Drivers/STM32F1xx_HAL_Driver/Src/stm32f1xx_hal.o
                0x0000000008001dd0                HAL_Delay
 .text.HAL_ADC_Init
                0x0000000008001e18      0x1b0 ./Drivers/STM32F1xx_HAL_Driver/Src/stm32f1xx_hal_adc.o
                0x0000000008001e18                HAL_ADC_Init
 .text.HAL_ADC_Start_DMA
                0x0000000008001fc8      0x1bc ./Drivers/STM32F1xx_HAL_Driver/Src/stm32f1xx_hal_adc.o
                0x0000000008001fc8                HAL_ADC_Start_DMA
 .text.HAL_ADC_IRQHandler
                0x0000000008002184      0x186 ./Drivers/STM32F1xx_HAL_Driver/Src/stm32f1xx_hal_adc.o
                0x0000000008002184                HAL_ADC_IRQHandler
 .text.HAL_ADC_ConvHalfCpltCallback
                0x000000000800230a       0x12 ./Drivers/STM32F1xx_HAL_Driver/Src/stm32f1xx_hal_adc.o
                0x000000000800230a                HAL_ADC_ConvHalfCpltCallback
 .text.HAL_ADC_LevelOutOfWindowCallback
                0x000000000800231c       0x12 ./Drivers/STM32F1xx_HAL_Driver/Src/stm32f1xx_hal_adc.o
                0x000000000800231c                HAL_ADC_LevelOutOfWindowCallback
 .text.HAL_ADC_ErrorCallback
                0x000000000800232e       0x12 ./Drivers/STM32F1xx_HAL_Driver/Src/stm32f1xx_hal_adc.o
                0x000000000800232e                HAL_ADC_ErrorCallback
 .text.HAL_ADC_ConfigChannel
                0x0000000008002340      0x1f0 ./Drivers/STM32F1xx_HAL_Driver/Src/stm32f1xx_hal_adc.o
                0x0000000008002340                HAL_ADC_ConfigChannel
 .text.ADC_Enable
                0x0000000008002530       0xb4 ./Drivers/STM32F1xx_HAL_Driver/Src/stm32f1xx_hal_adc.o
                0x0000000008002530                ADC_Enable
 .text.ADC_ConversionStop_Disable
                0x00000000080025e4       0x82 ./Drivers/STM32F1xx_HAL_Driver/Src/stm32f1xx_hal_adc.o
                0x00000000080025e4                ADC_ConversionStop_Disable
 .text.ADC_DMAConvCplt
                0x0000000008002666       0x7c ./Drivers/STM32F1xx_HAL_Driver/Src/stm32f1xx_hal_adc.o
                0x0000000008002666                ADC_DMAConvCplt
 .text.ADC_DMAHalfConvCplt
                0x00000000080026e2       0x1c ./Drivers/STM32F1xx_HAL_Driver/Src/stm32f1xx_hal_adc.o
                0x00000000080026e2                ADC_DMAHalfConvCplt
 .text.ADC_DMAError
                0x00000000080026fe       0x34 ./Drivers/STM32F1xx_HAL_Driver/Src/stm32f1xx_hal_adc.o
                0x00000000080026fe                ADC_DMAError
 .text.HAL_ADCEx_InjectedConvCpltCallback
                0x0000000008002732       0x12 ./Drivers/STM32F1xx_HAL_Driver/Src/stm32f1xx_hal_adc_ex.o
                0x0000000008002732                HAL_ADCEx_InjectedConvCpltCallback
 .text.__NVIC_SetPriorityGrouping
                0x0000000008002744       0x48 ./Drivers/STM32F1xx_HAL_Driver/Src/stm32f1xx_hal_cortex.o
 .text.__NVIC_GetPriorityGrouping
                0x000000000800278c       0x1c ./Drivers/STM32F1xx_HAL_Driver/Src/stm32f1xx_hal_cortex.o
 .text.__NVIC_EnableIRQ
                0x00000000080027a8       0x38 ./Drivers/STM32F1xx_HAL_Driver/Src/stm32f1xx_hal_cortex.o
 .text.__NVIC_SetPriority
                0x00000000080027e0       0x54 ./Drivers/STM32F1xx_HAL_Driver/Src/stm32f1xx_hal_cortex.o
 .text.NVIC_EncodePriority
                0x0000000008002834       0x64 ./Drivers/STM32F1xx_HAL_Driver/Src/stm32f1xx_hal_cortex.o
 .text.SysTick_Config
                0x0000000008002898       0x44 ./Drivers/STM32F1xx_HAL_Driver/Src/stm32f1xx_hal_cortex.o
 .text.HAL_NVIC_SetPriorityGrouping
                0x00000000080028dc       0x16 ./Drivers/STM32F1xx_HAL_Driver/Src/stm32f1xx_hal_cortex.o
                0x00000000080028dc                HAL_NVIC_SetPriorityGrouping
 .text.HAL_NVIC_SetPriority
                0x00000000080028f2       0x38 ./Drivers/STM32F1xx_HAL_Driver/Src/stm32f1xx_hal_cortex.o
                0x00000000080028f2                HAL_NVIC_SetPriority
 .text.HAL_NVIC_EnableIRQ
                0x000000000800292a       0x1c ./Drivers/STM32F1xx_HAL_Driver/Src/stm32f1xx_hal_cortex.o
                0x000000000800292a                HAL_NVIC_EnableIRQ
 .text.HAL_SYSTICK_Config
                0x0000000008002946       0x18 ./Drivers/STM32F1xx_HAL_Driver/Src/stm32f1xx_hal_cortex.o
                0x0000000008002946                HAL_SYSTICK_Config
 *fill*         0x000000000800295e        0x2 
 .text.HAL_DMA_Init
                0x0000000008002960       0xb4 ./Drivers/STM32F1xx_HAL_Driver/Src/stm32f1xx_hal_dma.o
                0x0000000008002960                HAL_DMA_Init
 .text.HAL_DMA_Start_IT
                0x0000000008002a14       0xbe ./Drivers/STM32F1xx_HAL_Driver/Src/stm32f1xx_hal_dma.o
                0x0000000008002a14                HAL_DMA_Start_IT
 *fill*         0x0000000008002ad2        0x2 
 .text.HAL_DMA_IRQHandler
                0x0000000008002ad4      0x20c ./Drivers/STM32F1xx_HAL_Driver/Src/stm32f1xx_hal_dma.o
                0x0000000008002ad4                HAL_DMA_IRQHandler
 .text.DMA_SetConfig
                0x0000000008002ce0       0x5a ./Drivers/STM32F1xx_HAL_Driver/Src/stm32f1xx_hal_dma.o
 *fill*         0x0000000008002d3a        0x2 
 .text.HAL_GPIO_Init
                0x0000000008002d3c      0x308 ./Drivers/STM32F1xx_HAL_Driver/Src/stm32f1xx_hal_gpio.o
                0x0000000008002d3c                HAL_GPIO_Init
 .text.HAL_GPIO_ReadPin
                0x0000000008003044       0x2e ./Drivers/STM32F1xx_HAL_Driver/Src/stm32f1xx_hal_gpio.o
                0x0000000008003044                HAL_GPIO_ReadPin
 .text.HAL_GPIO_WritePin
                0x0000000008003072       0x30 ./Drivers/STM32F1xx_HAL_Driver/Src/stm32f1xx_hal_gpio.o
                0x0000000008003072                HAL_GPIO_WritePin
 .text.HAL_GPIO_TogglePin
                0x00000000080030a2       0x32 ./Drivers/STM32F1xx_HAL_Driver/Src/stm32f1xx_hal_gpio.o
                0x00000000080030a2                HAL_GPIO_TogglePin
 .text.HAL_GPIO_EXTI_IRQHandler
                0x00000000080030d4       0x30 ./Drivers/STM32F1xx_HAL_Driver/Src/stm32f1xx_hal_gpio.o
                0x00000000080030d4                HAL_GPIO_EXTI_IRQHandler
 .text.HAL_I2C_Init
                0x0000000008003104      0x288 ./Drivers/STM32F1xx_HAL_Driver/Src/stm32f1xx_hal_i2c.o
                0x0000000008003104                HAL_I2C_Init
 .text.HAL_RCC_OscConfig
                0x000000000800338c      0x504 ./Drivers/STM32F1xx_HAL_Driver/Src/stm32f1xx_hal_rcc.o
                0x000000000800338c                HAL_RCC_OscConfig
 .text.HAL_RCC_ClockConfig
                0x0000000008003890      0x1d4 ./Drivers/STM32F1xx_HAL_Driver/Src/stm32f1xx_hal_rcc.o
                0x0000000008003890                HAL_RCC_ClockConfig
 .text.HAL_RCC_GetSysClockFreq
                0x0000000008003a64       0xbc ./Drivers/STM32F1xx_HAL_Driver/Src/stm32f1xx_hal_rcc.o
                0x0000000008003a64                HAL_RCC_GetSysClockFreq
 .text.HAL_RCC_GetHCLKFreq
                0x0000000008003b20       0x14 ./Drivers/STM32F1xx_HAL_Driver/Src/stm32f1xx_hal_rcc.o
                0x0000000008003b20                HAL_RCC_GetHCLKFreq
 .text.HAL_RCC_GetPCLK1Freq
                0x0000000008003b34       0x28 ./Drivers/STM32F1xx_HAL_Driver/Src/stm32f1xx_hal_rcc.o
                0x0000000008003b34                HAL_RCC_GetPCLK1Freq
 .text.HAL_RCC_GetPCLK2Freq
                0x0000000008003b5c       0x28 ./Drivers/STM32F1xx_HAL_Driver/Src/stm32f1xx_hal_rcc.o
                0x0000000008003b5c                HAL_RCC_GetPCLK2Freq
 .text.RCC_Delay
                0x0000000008003b84       0x3c ./Drivers/STM32F1xx_HAL_Driver/Src/stm32f1xx_hal_rcc.o
 .text.HAL_RCCEx_PeriphCLKConfig
                0x0000000008003bc0      0x16c ./Drivers/STM32F1xx_HAL_Driver/Src/stm32f1xx_hal_rcc_ex.o
                0x0000000008003bc0                HAL_RCCEx_PeriphCLKConfig
 .text.HAL_TIM_Base_Init
                0x0000000008003d2c       0x9e ./Drivers/STM32F1xx_HAL_Driver/Src/stm32f1xx_hal_tim.o
                0x0000000008003d2c                HAL_TIM_Base_Init
 *fill*         0x0000000008003dca        0x2 
 .text.HAL_TIM_Base_Start
                0x0000000008003dcc       0x94 ./Drivers/STM32F1xx_HAL_Driver/Src/stm32f1xx_hal_tim.o
                0x0000000008003dcc                HAL_TIM_Base_Start
 .text.HAL_TIM_Base_Stop
                0x0000000008003e60       0x4c ./Drivers/STM32F1xx_HAL_Driver/Src/stm32f1xx_hal_tim.o
                0x0000000008003e60                HAL_TIM_Base_Stop
 .text.HAL_TIM_Base_Start_IT
                0x0000000008003eac       0xa4 ./Drivers/STM32F1xx_HAL_Driver/Src/stm32f1xx_hal_tim.o
                0x0000000008003eac                HAL_TIM_Base_Start_IT
 .text.HAL_TIM_PWM_Init
                0x0000000008003f50       0x9e ./Drivers/STM32F1xx_HAL_Driver/Src/stm32f1xx_hal_tim.o
                0x0000000008003f50                HAL_TIM_PWM_Init
 .text.HAL_TIM_PWM_MspInit
                0x0000000008003fee       0x12 ./Drivers/STM32F1xx_HAL_Driver/Src/stm32f1xx_hal_tim.o
                0x0000000008003fee                HAL_TIM_PWM_MspInit
 .text.HAL_TIM_PWM_Start
                0x0000000008004000      0x144 ./Drivers/STM32F1xx_HAL_Driver/Src/stm32f1xx_hal_tim.o
                0x0000000008004000                HAL_TIM_PWM_Start
 .text.HAL_TIM_IRQHandler
                0x0000000008004144      0x210 ./Drivers/STM32F1xx_HAL_Driver/Src/stm32f1xx_hal_tim.o
                0x0000000008004144                HAL_TIM_IRQHandler
 .text.HAL_TIM_PWM_ConfigChannel
                0x0000000008004354      0x17c ./Drivers/STM32F1xx_HAL_Driver/Src/stm32f1xx_hal_tim.o
                0x0000000008004354                HAL_TIM_PWM_ConfigChannel
 .text.HAL_TIM_ConfigClockSource
                0x00000000080044d0      0x188 ./Drivers/STM32F1xx_HAL_Driver/Src/stm32f1xx_hal_tim.o
                0x00000000080044d0                HAL_TIM_ConfigClockSource
 .text.HAL_TIM_OC_DelayElapsedCallback
                0x0000000008004658       0x12 ./Drivers/STM32F1xx_HAL_Driver/Src/stm32f1xx_hal_tim.o
                0x0000000008004658                HAL_TIM_OC_DelayElapsedCallback
 .text.HAL_TIM_IC_CaptureCallback
                0x000000000800466a       0x12 ./Drivers/STM32F1xx_HAL_Driver/Src/stm32f1xx_hal_tim.o
                0x000000000800466a                HAL_TIM_IC_CaptureCallback
 .text.HAL_TIM_PWM_PulseFinishedCallback
                0x000000000800467c       0x12 ./Drivers/STM32F1xx_HAL_Driver/Src/stm32f1xx_hal_tim.o
                0x000000000800467c                HAL_TIM_PWM_PulseFinishedCallback
 .text.HAL_TIM_TriggerCallback
                0x000000000800468e       0x12 ./Drivers/STM32F1xx_HAL_Driver/Src/stm32f1xx_hal_tim.o
                0x000000000800468e                HAL_TIM_TriggerCallback
 .text.TIM_Base_SetConfig
                0x00000000080046a0       0xc4 ./Drivers/STM32F1xx_HAL_Driver/Src/stm32f1xx_hal_tim.o
                0x00000000080046a0                TIM_Base_SetConfig
 .text.TIM_OC1_SetConfig
                0x0000000008004764       0xcc ./Drivers/STM32F1xx_HAL_Driver/Src/stm32f1xx_hal_tim.o
 .text.TIM_OC2_SetConfig
                0x0000000008004830       0xd4 ./Drivers/STM32F1xx_HAL_Driver/Src/stm32f1xx_hal_tim.o
                0x0000000008004830                TIM_OC2_SetConfig
 .text.TIM_OC3_SetConfig
                0x0000000008004904       0xd4 ./Drivers/STM32F1xx_HAL_Driver/Src/stm32f1xx_hal_tim.o
 .text.TIM_OC4_SetConfig
                0x00000000080049d8       0x9c ./Drivers/STM32F1xx_HAL_Driver/Src/stm32f1xx_hal_tim.o
 .text.TIM_TI1_ConfigInputStage
                0x0000000008004a74       0x5c ./Drivers/STM32F1xx_HAL_Driver/Src/stm32f1xx_hal_tim.o
 .text.TIM_TI2_ConfigInputStage
                0x0000000008004ad0       0x5e ./Drivers/STM32F1xx_HAL_Driver/Src/stm32f1xx_hal_tim.o
 .text.TIM_ITRx_SetConfig
                0x0000000008004b2e       0x34 ./Drivers/STM32F1xx_HAL_Driver/Src/stm32f1xx_hal_tim.o
 .text.TIM_ETR_SetConfig
                0x0000000008004b62       0x3e ./Drivers/STM32F1xx_HAL_Driver/Src/stm32f1xx_hal_tim.o
                0x0000000008004b62                TIM_ETR_SetConfig
 .text.TIM_CCxChannelCmd
                0x0000000008004ba0       0x48 ./Drivers/STM32F1xx_HAL_Driver/Src/stm32f1xx_hal_tim.o
                0x0000000008004ba0                TIM_CCxChannelCmd
 .text.HAL_TIMEx_MasterConfigSynchronization
                0x0000000008004be8       0xbc ./Drivers/STM32F1xx_HAL_Driver/Src/stm32f1xx_hal_tim_ex.o
                0x0000000008004be8                HAL_TIMEx_MasterConfigSynchronization
 .text.HAL_TIMEx_CommutCallback
                0x0000000008004ca4       0x12 ./Drivers/STM32F1xx_HAL_Driver/Src/stm32f1xx_hal_tim_ex.o
                0x0000000008004ca4                HAL_TIMEx_CommutCallback
 .text.HAL_TIMEx_BreakCallback
                0x0000000008004cb6       0x12 ./Drivers/STM32F1xx_HAL_Driver/Src/stm32f1xx_hal_tim_ex.o
                0x0000000008004cb6                HAL_TIMEx_BreakCallback
 .text.HAL_UART_Init
                0x0000000008004cc8       0x9a ./Drivers/STM32F1xx_HAL_Driver/Src/stm32f1xx_hal_uart.o
                0x0000000008004cc8                HAL_UART_Init
 *fill*         0x0000000008004d62        0x2 
 .text.UART_SetConfig
                0x0000000008004d64      0x11c ./Drivers/STM32F1xx_HAL_Driver/Src/stm32f1xx_hal_uart.o
 .text.__libc_init_array
                0x0000000008004e80       0x48 c:/st/stm32cubeide_1.10.0/stm32cubeide/plugins/com.st.stm32cube.ide.mcu.externaltools.gnu-tools-for-stm32.10.3-2021.10.win32_1.0.0.202111181127/tools/bin/../lib/gcc/arm-none-eabi/10.3.1/../../../../arm-none-eabi/lib/thumb/v7-m/nofp\libc_nano.a(lib_a-init.o)
                0x0000000008004e80                __libc_init_array
 .text.memset   0x0000000008004ec8       0x10 c:/st/stm32cubeide_1.10.0/stm32cubeide/plugins/com.st.stm32cube.ide.mcu.externaltools.gnu-tools-for-stm32.10.3-2021.10.win32_1.0.0.202111181127/tools/bin/../lib/gcc/arm-none-eabi/10.3.1/../../../../arm-none-eabi/lib/thumb/v7-m/nofp\libc_nano.a(lib_a-memset.o)
                0x0000000008004ec8                memset
 *(.glue_7)
 .glue_7        0x0000000008004ed8        0x0 linker stubs
 *(.glue_7t)
 .glue_7t       0x0000000008004ed8        0x0 linker stubs
 *(.eh_frame)
 .eh_frame      0x0000000008004ed8        0x0 c:/st/stm32cubeide_1.10.0/stm32cubeide/plugins/com.st.stm32cube.ide.mcu.externaltools.gnu-tools-for-stm32.10.3-2021.10.win32_1.0.0.202111181127/tools/bin/../lib/gcc/arm-none-eabi/10.3.1/thumb/v7-m/nofp/crtbegin.o
 *(.init)
 .init          0x0000000008004ed8        0x4 c:/st/stm32cubeide_1.10.0/stm32cubeide/plugins/com.st.stm32cube.ide.mcu.externaltools.gnu-tools-for-stm32.10.3-2021.10.win32_1.0.0.202111181127/tools/bin/../lib/gcc/arm-none-eabi/10.3.1/thumb/v7-m/nofp/crti.o
                0x0000000008004ed8                _init
 .init          0x0000000008004edc        0x8 c:/st/stm32cubeide_1.10.0/stm32cubeide/plugins/com.st.stm32cube.ide.mcu.externaltools.gnu-tools-for-stm32.10.3-2021.10.win32_1.0.0.202111181127/tools/bin/../lib/gcc/arm-none-eabi/10.3.1/thumb/v7-m/nofp/crtn.o
 *(.fini)
 .fini          0x0000000008004ee4        0x4 c:/st/stm32cubeide_1.10.0/stm32cubeide/plugins/com.st.stm32cube.ide.mcu.externaltools.gnu-tools-for-stm32.10.3-2021.10.win32_1.0.0.202111181127/tools/bin/../lib/gcc/arm-none-eabi/10.3.1/thumb/v7-m/nofp/crti.o
                0x0000000008004ee4                _fini
 .fini          0x0000000008004ee8        0x8 c:/st/stm32cubeide_1.10.0/stm32cubeide/plugins/com.st.stm32cube.ide.mcu.externaltools.gnu-tools-for-stm32.10.3-2021.10.win32_1.0.0.202111181127/tools/bin/../lib/gcc/arm-none-eabi/10.3.1/thumb/v7-m/nofp/crtn.o
                0x0000000008004ef0                . = ALIGN (0x4)
                0x0000000008004ef0                _etext = .

.vfp11_veneer   0x0000000008004ef0        0x0
 .vfp11_veneer  0x0000000008004ef0        0x0 linker stubs

.v4_bx          0x0000000008004ef0        0x0
 .v4_bx         0x0000000008004ef0        0x0 linker stubs

.iplt           0x0000000008004ef0        0x0
 .iplt          0x0000000008004ef0        0x0 c:/st/stm32cubeide_1.10.0/stm32cubeide/plugins/com.st.stm32cube.ide.mcu.externaltools.gnu-tools-for-stm32.10.3-2021.10.win32_1.0.0.202111181127/tools/bin/../lib/gcc/arm-none-eabi/10.3.1/thumb/v7-m/nofp/crtbegin.o

.rodata         0x0000000008004ef0       0x28
                0x0000000008004ef0                . = ALIGN (0x4)
 *(.rodata)
 .rodata        0x0000000008004ef0       0x10 ./Drivers/STM32F1xx_HAL_Driver/Src/stm32f1xx_hal_rcc.o
 *(.rodata*)
 .rodata.AHBPrescTable
                0x0000000008004f00       0x10 ./Core/Src/system_stm32f1xx.o
                0x0000000008004f00                AHBPrescTable
 .rodata.APBPrescTable
                0x0000000008004f10        0x8 ./Core/Src/system_stm32f1xx.o
                0x0000000008004f10                APBPrescTable
                0x0000000008004f18                . = ALIGN (0x4)

.rel.dyn        0x0000000008004f18        0x0
 .rel.iplt      0x0000000008004f18        0x0 c:/st/stm32cubeide_1.10.0/stm32cubeide/plugins/com.st.stm32cube.ide.mcu.externaltools.gnu-tools-for-stm32.10.3-2021.10.win32_1.0.0.202111181127/tools/bin/../lib/gcc/arm-none-eabi/10.3.1/thumb/v7-m/nofp/crtbegin.o

.ARM.extab      0x0000000008004f18        0x0
                0x0000000008004f18                . = ALIGN (0x4)
 *(.ARM.extab* .gnu.linkonce.armextab.*)
                0x0000000008004f18                . = ALIGN (0x4)

.ARM            0x0000000008004f18        0x0
                0x0000000008004f18                . = ALIGN (0x4)
                0x0000000008004f18                __exidx_start = .
 *(.ARM.exidx*)
                0x0000000008004f18                __exidx_end = .
                0x0000000008004f18                . = ALIGN (0x4)

.preinit_array  0x0000000008004f18        0x0
                0x0000000008004f18                . = ALIGN (0x4)
                0x0000000008004f18                PROVIDE (__preinit_array_start = .)
 *(.preinit_array*)
                0x0000000008004f18                PROVIDE (__preinit_array_end = .)
                0x0000000008004f18                . = ALIGN (0x4)

.init_array     0x0000000008004f18        0x4
                0x0000000008004f18                . = ALIGN (0x4)
                0x0000000008004f18                PROVIDE (__init_array_start = .)
 *(SORT_BY_NAME(.init_array.*))
 *(.init_array*)
 .init_array    0x0000000008004f18        0x4 c:/st/stm32cubeide_1.10.0/stm32cubeide/plugins/com.st.stm32cube.ide.mcu.externaltools.gnu-tools-for-stm32.10.3-2021.10.win32_1.0.0.202111181127/tools/bin/../lib/gcc/arm-none-eabi/10.3.1/thumb/v7-m/nofp/crtbegin.o
                0x0000000008004f1c                PROVIDE (__init_array_end = .)
                0x0000000008004f1c                . = ALIGN (0x4)

.fini_array     0x0000000008004f1c        0x4
                0x0000000008004f1c                . = ALIGN (0x4)
                [!provide]                        PROVIDE (__fini_array_start = .)
 *(SORT_BY_NAME(.fini_array.*))
 *(.fini_array*)
 .fini_array    0x0000000008004f1c        0x4 c:/st/stm32cubeide_1.10.0/stm32cubeide/plugins/com.st.stm32cube.ide.mcu.externaltools.gnu-tools-for-stm32.10.3-2021.10.win32_1.0.0.202111181127/tools/bin/../lib/gcc/arm-none-eabi/10.3.1/thumb/v7-m/nofp/crtbegin.o
                [!provide]                        PROVIDE (__fini_array_end = .)
                0x0000000008004f20                . = ALIGN (0x4)
                0x0000000008004f20                _sidata = LOADADDR (.data)

.data           0x0000000020000000        0xc load address 0x0000000008004f20
                0x0000000020000000                . = ALIGN (0x4)
                0x0000000020000000                _sdata = .
 *(.data)
 *(.data*)
 .data.SystemCoreClock
                0x0000000020000000        0x4 ./Core/Src/system_stm32f1xx.o
                0x0000000020000000                SystemCoreClock
 .data.uwTickPrio
                0x0000000020000004        0x4 ./Drivers/STM32F1xx_HAL_Driver/Src/stm32f1xx_hal.o
                0x0000000020000004                uwTickPrio
 .data.uwTickFreq
                0x0000000020000008        0x1 ./Drivers/STM32F1xx_HAL_Driver/Src/stm32f1xx_hal.o
                0x0000000020000008                uwTickFreq
 *(.RamFunc)
 *(.RamFunc*)
                0x000000002000000c                . = ALIGN (0x4)
 *fill*         0x0000000020000009        0x3 
                0x000000002000000c                _edata = .

.igot.plt       0x000000002000000c        0x0 load address 0x0000000008004f2c
 .igot.plt      0x000000002000000c        0x0 c:/st/stm32cubeide_1.10.0/stm32cubeide/plugins/com.st.stm32cube.ide.mcu.externaltools.gnu-tools-for-stm32.10.3-2021.10.win32_1.0.0.202111181127/tools/bin/../lib/gcc/arm-none-eabi/10.3.1/thumb/v7-m/nofp/crtbegin.o
                0x000000002000000c                . = ALIGN (0x4)

.bss            0x000000002000000c      0x38c load address 0x0000000008004f2c
                0x000000002000000c                _sbss = .
                0x000000002000000c                __bss_start__ = _sbss
 *(.bss)
 .bss           0x000000002000000c       0x1c c:/st/stm32cubeide_1.10.0/stm32cubeide/plugins/com.st.stm32cube.ide.mcu.externaltools.gnu-tools-for-stm32.10.3-2021.10.win32_1.0.0.202111181127/tools/bin/../lib/gcc/arm-none-eabi/10.3.1/thumb/v7-m/nofp/crtbegin.o
 *(.bss*)
 .bss.LDR_nodes
                0x0000000020000028       0x40 ./Core/Src/control.o
                0x0000000020000028                LDR_nodes
 .bss.MotorControls
                0x0000000020000068        0x8 ./Core/Src/control.o
                0x0000000020000068                MotorControls
 .bss.hadc1     0x0000000020000070       0x30 ./Core/Src/main.o
                0x0000000020000070                hadc1
 .bss.hdma_adc1
                0x00000000200000a0       0x44 ./Core/Src/main.o
                0x00000000200000a0                hdma_adc1
 .bss.hi2c1     0x00000000200000e4       0x54 ./Core/Src/main.o
                0x00000000200000e4                hi2c1
 .bss.htim1     0x0000000020000138       0x48 ./Core/Src/main.o
                0x0000000020000138                htim1
 .bss.htim2     0x0000000020000180       0x48 ./Core/Src/main.o
                0x0000000020000180                htim2
 .bss.htim3     0x00000000200001c8       0x48 ./Core/Src/main.o
                0x00000000200001c8                htim3
 .bss.htim4     0x0000000020000210       0x48 ./Core/Src/main.o
                0x0000000020000210                htim4
 .bss.huart1    0x0000000020000258       0x44 ./Core/Src/main.o
                0x0000000020000258                huart1
 .bss.LDR_read  0x000000002000029c       0x20 ./Core/Src/main.o
                0x000000002000029c                LDR_read
 .bss.hpid_distance
                0x00000000200002bc       0x2c ./Core/Src/main.o
                0x00000000200002bc                hpid_distance
 .bss.hpid_steer
                0x00000000200002e8       0x2c ./Core/Src/main.o
                0x00000000200002e8                hpid_steer
 .bss.distance_override
                0x0000000020000314        0x1 ./Core/Src/main.o
                0x0000000020000314                distance_override
 .bss.ADC_Pause
                0x0000000020000315        0x1 ./Core/Src/main.o
                0x0000000020000315                ADC_Pause
 .bss.done      0x0000000020000316        0x1 ./Core/Src/main.o
                0x0000000020000316                done
 *fill*         0x0000000020000317        0x1 
 .bss.CurrentTime
                0x0000000020000318        0xc ./Core/Src/stm32_utils.o
                0x0000000020000318                CurrentTime
 .bss.ScheduleQueue
                0x0000000020000324       0x6c ./Core/Src/stm32_utils.o
                0x0000000020000324                ScheduleQueue
 .bss.TaskSchedulerSoftClock_Flag
                0x0000000020000390        0x1 ./Core/Src/stm32_utils.o
                0x0000000020000390                TaskSchedulerSoftClock_Flag
 *fill*         0x0000000020000391        0x3 
 .bss.uwTick    0x0000000020000394        0x4 ./Drivers/STM32F1xx_HAL_Driver/Src/stm32f1xx_hal.o
                0x0000000020000394                uwTick
 *(COMMON)
                0x0000000020000398                . = ALIGN (0x4)
                0x0000000020000398                _ebss = .
                0x0000000020000398                __bss_end__ = _ebss

._user_heap_stack
                0x0000000020000398      0x600 load address 0x0000000008004f2c
                0x0000000020000398                . = ALIGN (0x8)
                [!provide]                        PROVIDE (end = .)
                0x0000000020000398                PROVIDE (_end = .)
                0x0000000020000598                . = (. + _Min_Heap_Size)
 *fill*         0x0000000020000398      0x200 
                0x0000000020000998                . = (. + _Min_Stack_Size)
 *fill*         0x0000000020000598      0x400 
                0x0000000020000998                . = ALIGN (0x8)

/DISCARD/
 libc.a(*)
 libm.a(*)
 libgcc.a(*)

.ARM.attributes
                0x0000000000000000       0x29
 *(.ARM.attributes)
 .ARM.attributes
                0x0000000000000000       0x1d c:/st/stm32cubeide_1.10.0/stm32cubeide/plugins/com.st.stm32cube.ide.mcu.externaltools.gnu-tools-for-stm32.10.3-2021.10.win32_1.0.0.202111181127/tools/bin/../lib/gcc/arm-none-eabi/10.3.1/thumb/v7-m/nofp/crti.o
 .ARM.attributes
                0x000000000000001d       0x2d c:/st/stm32cubeide_1.10.0/stm32cubeide/plugins/com.st.stm32cube.ide.mcu.externaltools.gnu-tools-for-stm32.10.3-2021.10.win32_1.0.0.202111181127/tools/bin/../lib/gcc/arm-none-eabi/10.3.1/thumb/v7-m/nofp/crtbegin.o
 .ARM.attributes
                0x000000000000004a       0x2d ./Core/Src/control.o
 .ARM.attributes
                0x0000000000000077       0x2d ./Core/Src/main.o
 .ARM.attributes
                0x00000000000000a4       0x2d ./Core/Src/mathops.o
 .ARM.attributes
                0x00000000000000d1       0x2d ./Core/Src/stm32_utils.o
 .ARM.attributes
                0x00000000000000fe       0x2d ./Core/Src/stm32f1xx_hal_msp.o
 .ARM.attributes
                0x000000000000012b       0x2d ./Core/Src/stm32f1xx_it.o
 .ARM.attributes
                0x0000000000000158       0x2d ./Core/Src/system_stm32f1xx.o
 .ARM.attributes
                0x0000000000000185       0x21 ./Core/Startup/startup_stm32f103c8tx.o
 .ARM.attributes
                0x00000000000001a6       0x2d ./Drivers/STM32F1xx_HAL_Driver/Src/stm32f1xx_hal.o
 .ARM.attributes
                0x00000000000001d3       0x2d ./Drivers/STM32F1xx_HAL_Driver/Src/stm32f1xx_hal_adc.o
 .ARM.attributes
                0x0000000000000200       0x2d ./Drivers/STM32F1xx_HAL_Driver/Src/stm32f1xx_hal_adc_ex.o
 .ARM.attributes
                0x000000000000022d       0x2d ./Drivers/STM32F1xx_HAL_Driver/Src/stm32f1xx_hal_cortex.o
 .ARM.attributes
                0x000000000000025a       0x2d ./Drivers/STM32F1xx_HAL_Driver/Src/stm32f1xx_hal_dma.o
 .ARM.attributes
                0x0000000000000287       0x2d ./Drivers/STM32F1xx_HAL_Driver/Src/stm32f1xx_hal_gpio.o
 .ARM.attributes
                0x00000000000002b4       0x2d ./Drivers/STM32F1xx_HAL_Driver/Src/stm32f1xx_hal_i2c.o
 .ARM.attributes
                0x00000000000002e1       0x2d ./Drivers/STM32F1xx_HAL_Driver/Src/stm32f1xx_hal_rcc.o
 .ARM.attributes
                0x000000000000030e       0x2d ./Drivers/STM32F1xx_HAL_Driver/Src/stm32f1xx_hal_rcc_ex.o
 .ARM.attributes
                0x000000000000033b       0x2d ./Drivers/STM32F1xx_HAL_Driver/Src/stm32f1xx_hal_tim.o
 .ARM.attributes
                0x0000000000000368       0x2d ./Drivers/STM32F1xx_HAL_Driver/Src/stm32f1xx_hal_tim_ex.o
 .ARM.attributes
                0x0000000000000395       0x2d ./Drivers/STM32F1xx_HAL_Driver/Src/stm32f1xx_hal_uart.o
 .ARM.attributes
                0x00000000000003c2       0x2d c:/st/stm32cubeide_1.10.0/stm32cubeide/plugins/com.st.stm32cube.ide.mcu.externaltools.gnu-tools-for-stm32.10.3-2021.10.win32_1.0.0.202111181127/tools/bin/../lib/gcc/arm-none-eabi/10.3.1/../../../../arm-none-eabi/lib/thumb/v7-m/nofp\libc_nano.a(lib_a-init.o)
 .ARM.attributes
                0x00000000000003ef       0x2d c:/st/stm32cubeide_1.10.0/stm32cubeide/plugins/com.st.stm32cube.ide.mcu.externaltools.gnu-tools-for-stm32.10.3-2021.10.win32_1.0.0.202111181127/tools/bin/../lib/gcc/arm-none-eabi/10.3.1/../../../../arm-none-eabi/lib/thumb/v7-m/nofp\libc_nano.a(lib_a-memset.o)
 .ARM.attributes
                0x000000000000041c       0x1d c:/st/stm32cubeide_1.10.0/stm32cubeide/plugins/com.st.stm32cube.ide.mcu.externaltools.gnu-tools-for-stm32.10.3-2021.10.win32_1.0.0.202111181127/tools/bin/../lib/gcc/arm-none-eabi/10.3.1/thumb/v7-m/nofp\libgcc.a(_arm_addsubsf3.o)
 .ARM.attributes
                0x0000000000000439       0x1d c:/st/stm32cubeide_1.10.0/stm32cubeide/plugins/com.st.stm32cube.ide.mcu.externaltools.gnu-tools-for-stm32.10.3-2021.10.win32_1.0.0.202111181127/tools/bin/../lib/gcc/arm-none-eabi/10.3.1/thumb/v7-m/nofp\libgcc.a(_arm_muldivsf3.o)
 .ARM.attributes
                0x0000000000000456       0x1d c:/st/stm32cubeide_1.10.0/stm32cubeide/plugins/com.st.stm32cube.ide.mcu.externaltools.gnu-tools-for-stm32.10.3-2021.10.win32_1.0.0.202111181127/tools/bin/../lib/gcc/arm-none-eabi/10.3.1/thumb/v7-m/nofp\libgcc.a(_arm_fixunssfsi.o)
 .ARM.attributes
                0x0000000000000473       0x1d c:/st/stm32cubeide_1.10.0/stm32cubeide/plugins/com.st.stm32cube.ide.mcu.externaltools.gnu-tools-for-stm32.10.3-2021.10.win32_1.0.0.202111181127/tools/bin/../lib/gcc/arm-none-eabi/10.3.1/thumb/v7-m/nofp/crtn.o
OUTPUT(NXPCUP.elf elf32-littlearm)
LOAD linker stubs
LOAD c:/st/stm32cubeide_1.10.0/stm32cubeide/plugins/com.st.stm32cube.ide.mcu.externaltools.gnu-tools-for-stm32.10.3-2021.10.win32_1.0.0.202111181127/tools/bin/../lib/gcc/arm-none-eabi/10.3.1/../../../../arm-none-eabi/lib/thumb/v7-m/nofp\libc.a
LOAD c:/st/stm32cubeide_1.10.0/stm32cubeide/plugins/com.st.stm32cube.ide.mcu.externaltools.gnu-tools-for-stm32.10.3-2021.10.win32_1.0.0.202111181127/tools/bin/../lib/gcc/arm-none-eabi/10.3.1/../../../../arm-none-eabi/lib/thumb/v7-m/nofp\libm.a
LOAD c:/st/stm32cubeide_1.10.0/stm32cubeide/plugins/com.st.stm32cube.ide.mcu.externaltools.gnu-tools-for-stm32.10.3-2021.10.win32_1.0.0.202111181127/tools/bin/../lib/gcc/arm-none-eabi/10.3.1/thumb/v7-m/nofp\libgcc.a

.debug_info     0x0000000000000000    0x10a2f
 .debug_info    0x0000000000000000      0x43e ./Core/Src/control.o
 .debug_info    0x000000000000043e     0x1e7a ./Core/Src/main.o
 .debug_info    0x00000000000022b8      0x42f ./Core/Src/mathops.o
 .debug_info    0x00000000000026e7      0x2b9 ./Core/Src/stm32_utils.o
 .debug_info    0x00000000000029a0     0x1518 ./Core/Src/stm32f1xx_hal_msp.o
 .debug_info    0x0000000000003eb8      0x9cb ./Core/Src/stm32f1xx_it.o
 .debug_info    0x0000000000004883      0x23d ./Core/Src/system_stm32f1xx.o
 .debug_info    0x0000000000004ac0       0x22 ./Core/Startup/startup_stm32f103c8tx.o
 .debug_info    0x0000000000004ae2      0x734 ./Drivers/STM32F1xx_HAL_Driver/Src/stm32f1xx_hal.o
 .debug_info    0x0000000000005216      0xcd9 ./Drivers/STM32F1xx_HAL_Driver/Src/stm32f1xx_hal_adc.o
 .debug_info    0x0000000000005eef      0xa8f ./Drivers/STM32F1xx_HAL_Driver/Src/stm32f1xx_hal_adc_ex.o
 .debug_info    0x000000000000697e      0xb20 ./Drivers/STM32F1xx_HAL_Driver/Src/stm32f1xx_hal_cortex.o
 .debug_info    0x000000000000749e      0x73f ./Drivers/STM32F1xx_HAL_Driver/Src/stm32f1xx_hal_dma.o
 .debug_info    0x0000000000007bdd      0x615 ./Drivers/STM32F1xx_HAL_Driver/Src/stm32f1xx_hal_gpio.o
 .debug_info    0x00000000000081f2     0x2734 ./Drivers/STM32F1xx_HAL_Driver/Src/stm32f1xx_hal_i2c.o
 .debug_info    0x000000000000a926      0x860 ./Drivers/STM32F1xx_HAL_Driver/Src/stm32f1xx_hal_rcc.o
 .debug_info    0x000000000000b186      0x3e0 ./Drivers/STM32F1xx_HAL_Driver/Src/stm32f1xx_hal_rcc_ex.o
 .debug_info    0x000000000000b566     0x29de ./Drivers/STM32F1xx_HAL_Driver/Src/stm32f1xx_hal_tim.o
 .debug_info    0x000000000000df44     0x1513 ./Drivers/STM32F1xx_HAL_Driver/Src/stm32f1xx_hal_tim_ex.o
 .debug_info    0x000000000000f457     0x15d8 ./Drivers/STM32F1xx_HAL_Driver/Src/stm32f1xx_hal_uart.o

.debug_abbrev   0x0000000000000000     0x26e9
 .debug_abbrev  0x0000000000000000      0x147 ./Core/Src/control.o
 .debug_abbrev  0x0000000000000147      0x329 ./Core/Src/main.o
 .debug_abbrev  0x0000000000000470       0xd4 ./Core/Src/mathops.o
 .debug_abbrev  0x0000000000000544      0x183 ./Core/Src/stm32_utils.o
 .debug_abbrev  0x00000000000006c7      0x240 ./Core/Src/stm32f1xx_hal_msp.o
 .debug_abbrev  0x0000000000000907      0x1c4 ./Core/Src/stm32f1xx_it.o
 .debug_abbrev  0x0000000000000acb      0x13b ./Core/Src/system_stm32f1xx.o
 .debug_abbrev  0x0000000000000c06       0x12 ./Core/Startup/startup_stm32f103c8tx.o
 .debug_abbrev  0x0000000000000c18      0x1fb ./Drivers/STM32F1xx_HAL_Driver/Src/stm32f1xx_hal.o
 .debug_abbrev  0x0000000000000e13      0x210 ./Drivers/STM32F1xx_HAL_Driver/Src/stm32f1xx_hal_adc.o
 .debug_abbrev  0x0000000000001023      0x234 ./Drivers/STM32F1xx_HAL_Driver/Src/stm32f1xx_hal_adc_ex.o
 .debug_abbrev  0x0000000000001257      0x2ed ./Drivers/STM32F1xx_HAL_Driver/Src/stm32f1xx_hal_cortex.o
 .debug_abbrev  0x0000000000001544      0x1fe ./Drivers/STM32F1xx_HAL_Driver/Src/stm32f1xx_hal_dma.o
 .debug_abbrev  0x0000000000001742      0x1bb ./Drivers/STM32F1xx_HAL_Driver/Src/stm32f1xx_hal_gpio.o
 .debug_abbrev  0x00000000000018fd      0x288 ./Drivers/STM32F1xx_HAL_Driver/Src/stm32f1xx_hal_i2c.o
 .debug_abbrev  0x0000000000001b85      0x2a8 ./Drivers/STM32F1xx_HAL_Driver/Src/stm32f1xx_hal_rcc.o
 .debug_abbrev  0x0000000000001e2d      0x182 ./Drivers/STM32F1xx_HAL_Driver/Src/stm32f1xx_hal_rcc_ex.o
 .debug_abbrev  0x0000000000001faf      0x25d ./Drivers/STM32F1xx_HAL_Driver/Src/stm32f1xx_hal_tim.o
 .debug_abbrev  0x000000000000220c      0x265 ./Drivers/STM32F1xx_HAL_Driver/Src/stm32f1xx_hal_tim_ex.o
 .debug_abbrev  0x0000000000002471      0x278 ./Drivers/STM32F1xx_HAL_Driver/Src/stm32f1xx_hal_uart.o

.debug_aranges  0x0000000000000000     0x1168
 .debug_aranges
                0x0000000000000000       0x28 ./Core/Src/control.o
 .debug_aranges
                0x0000000000000028       0x98 ./Core/Src/main.o
 .debug_aranges
                0x00000000000000c0       0x68 ./Core/Src/mathops.o
 .debug_aranges
                0x0000000000000128       0x40 ./Core/Src/stm32_utils.o
 .debug_aranges
                0x0000000000000168       0x68 ./Core/Src/stm32f1xx_hal_msp.o
 .debug_aranges
                0x00000000000001d0       0x88 ./Core/Src/stm32f1xx_it.o
 .debug_aranges
                0x0000000000000258       0x28 ./Core/Src/system_stm32f1xx.o
 .debug_aranges
                0x0000000000000280       0x28 ./Core/Startup/startup_stm32f103c8tx.o
 .debug_aranges
                0x00000000000002a8       0xe0 ./Drivers/STM32F1xx_HAL_Driver/Src/stm32f1xx_hal.o
 .debug_aranges
                0x0000000000000388       0xf0 ./Drivers/STM32F1xx_HAL_Driver/Src/stm32f1xx_hal_adc.o
 .debug_aranges
                0x0000000000000478       0x80 ./Drivers/STM32F1xx_HAL_Driver/Src/stm32f1xx_hal_adc_ex.o
 .debug_aranges
                0x00000000000004f8      0x100 ./Drivers/STM32F1xx_HAL_Driver/Src/stm32f1xx_hal_cortex.o
 .debug_aranges
                0x00000000000005f8       0x80 ./Drivers/STM32F1xx_HAL_Driver/Src/stm32f1xx_hal_dma.o
 .debug_aranges
                0x0000000000000678       0x58 ./Drivers/STM32F1xx_HAL_Driver/Src/stm32f1xx_hal_gpio.o
 .debug_aranges
                0x00000000000006d0      0x2a0 ./Drivers/STM32F1xx_HAL_Driver/Src/stm32f1xx_hal_i2c.o
 .debug_aranges
                0x0000000000000970       0x90 ./Drivers/STM32F1xx_HAL_Driver/Src/stm32f1xx_hal_rcc.o
 .debug_aranges
                0x0000000000000a00       0x30 ./Drivers/STM32F1xx_HAL_Driver/Src/stm32f1xx_hal_rcc_ex.o
 .debug_aranges
                0x0000000000000a30      0x3d0 ./Drivers/STM32F1xx_HAL_Driver/Src/stm32f1xx_hal_tim.o
 .debug_aranges
                0x0000000000000e00      0x168 ./Drivers/STM32F1xx_HAL_Driver/Src/stm32f1xx_hal_tim_ex.o
 .debug_aranges
                0x0000000000000f68      0x200 ./Drivers/STM32F1xx_HAL_Driver/Src/stm32f1xx_hal_uart.o

.debug_ranges   0x0000000000000000     0x1088
 .debug_ranges  0x0000000000000000       0x18 ./Core/Src/control.o
 .debug_ranges  0x0000000000000018       0x88 ./Core/Src/main.o
 .debug_ranges  0x00000000000000a0       0x58 ./Core/Src/mathops.o
 .debug_ranges  0x00000000000000f8       0x30 ./Core/Src/stm32_utils.o
 .debug_ranges  0x0000000000000128       0x58 ./Core/Src/stm32f1xx_hal_msp.o
 .debug_ranges  0x0000000000000180       0x78 ./Core/Src/stm32f1xx_it.o
 .debug_ranges  0x00000000000001f8       0x18 ./Core/Src/system_stm32f1xx.o
 .debug_ranges  0x0000000000000210       0x20 ./Core/Startup/startup_stm32f103c8tx.o
 .debug_ranges  0x0000000000000230       0xd0 ./Drivers/STM32F1xx_HAL_Driver/Src/stm32f1xx_hal.o
 .debug_ranges  0x0000000000000300       0xe0 ./Drivers/STM32F1xx_HAL_Driver/Src/stm32f1xx_hal_adc.o
 .debug_ranges  0x00000000000003e0       0x70 ./Drivers/STM32F1xx_HAL_Driver/Src/stm32f1xx_hal_adc_ex.o
 .debug_ranges  0x0000000000000450       0xf0 ./Drivers/STM32F1xx_HAL_Driver/Src/stm32f1xx_hal_cortex.o
 .debug_ranges  0x0000000000000540       0x70 ./Drivers/STM32F1xx_HAL_Driver/Src/stm32f1xx_hal_dma.o
 .debug_ranges  0x00000000000005b0       0x48 ./Drivers/STM32F1xx_HAL_Driver/Src/stm32f1xx_hal_gpio.o
 .debug_ranges  0x00000000000005f8      0x2b8 ./Drivers/STM32F1xx_HAL_Driver/Src/stm32f1xx_hal_i2c.o
 .debug_ranges  0x00000000000008b0       0x80 ./Drivers/STM32F1xx_HAL_Driver/Src/stm32f1xx_hal_rcc.o
 .debug_ranges  0x0000000000000930       0x20 ./Drivers/STM32F1xx_HAL_Driver/Src/stm32f1xx_hal_rcc_ex.o
 .debug_ranges  0x0000000000000950      0x3c0 ./Drivers/STM32F1xx_HAL_Driver/Src/stm32f1xx_hal_tim.o
 .debug_ranges  0x0000000000000d10      0x158 ./Drivers/STM32F1xx_HAL_Driver/Src/stm32f1xx_hal_tim_ex.o
 .debug_ranges  0x0000000000000e68      0x220 ./Drivers/STM32F1xx_HAL_Driver/Src/stm32f1xx_hal_uart.o

.debug_macro    0x0000000000000000    0x18480
 .debug_macro   0x0000000000000000      0x1f3 ./Core/Src/control.o
 .debug_macro   0x00000000000001f3      0xa6c ./Core/Src/control.o
 .debug_macro   0x0000000000000c5f      0x22d ./Core/Src/control.o
 .debug_macro   0x0000000000000e8c       0x2e ./Core/Src/control.o
 .debug_macro   0x0000000000000eba       0x22 ./Core/Src/control.o
 .debug_macro   0x0000000000000edc       0x22 ./Core/Src/control.o
 .debug_macro   0x0000000000000efe       0x8e ./Core/Src/control.o
 .debug_macro   0x0000000000000f8c       0x51 ./Core/Src/control.o
 .debug_macro   0x0000000000000fdd      0x103 ./Core/Src/control.o
 .debug_macro   0x00000000000010e0       0x6a ./Core/Src/control.o
 .debug_macro   0x000000000000114a      0x1df ./Core/Src/control.o
 .debug_macro   0x0000000000001329       0x1c ./Core/Src/control.o
 .debug_macro   0x0000000000001345       0x22 ./Core/Src/control.o
 .debug_macro   0x0000000000001367       0xbd ./Core/Src/control.o
 .debug_macro   0x0000000000001424      0xd23 ./Core/Src/control.o
 .debug_macro   0x0000000000002147     0xe09e ./Core/Src/control.o
 .debug_macro   0x00000000000101e5       0x6d ./Core/Src/control.o
 .debug_macro   0x0000000000010252     0x3468 ./Core/Src/control.o
 .debug_macro   0x00000000000136ba      0x174 ./Core/Src/control.o
 .debug_macro   0x000000000001382e       0x5c ./Core/Src/control.o
 .debug_macro   0x000000000001388a      0x5be ./Core/Src/control.o
 .debug_macro   0x0000000000013e48      0x289 ./Core/Src/control.o
 .debug_macro   0x00000000000140d1      0x1cb ./Core/Src/control.o
 .debug_macro   0x000000000001429c      0x114 ./Core/Src/control.o
 .debug_macro   0x00000000000143b0      0x1b2 ./Core/Src/control.o
 .debug_macro   0x0000000000014562       0x27 ./Core/Src/control.o
 .debug_macro   0x0000000000014589      0x136 ./Core/Src/control.o
 .debug_macro   0x00000000000146bf      0x1bc ./Core/Src/control.o
 .debug_macro   0x000000000001487b       0x34 ./Core/Src/control.o
 .debug_macro   0x00000000000148af       0x3c ./Core/Src/control.o
 .debug_macro   0x00000000000148eb       0x57 ./Core/Src/control.o
 .debug_macro   0x0000000000014942      0x46a ./Core/Src/control.o
 .debug_macro   0x0000000000014dac      0x1b5 ./Core/Src/control.o
 .debug_macro   0x0000000000014f61       0x88 ./Core/Src/control.o
 .debug_macro   0x0000000000014fe9      0x241 ./Core/Src/control.o
 .debug_macro   0x000000000001522a      0x287 ./Core/Src/control.o
 .debug_macro   0x00000000000154b1      0x141 ./Core/Src/control.o
 .debug_macro   0x00000000000155f2      0x8d1 ./Core/Src/control.o
 .debug_macro   0x0000000000015ec3      0x279 ./Core/Src/control.o
 .debug_macro   0x000000000001613c       0x83 ./Core/Src/control.o
 .debug_macro   0x00000000000161bf       0xee ./Core/Src/control.o
 .debug_macro   0x00000000000162ad       0x22 ./Core/Src/control.o
 .debug_macro   0x00000000000162cf      0x243 ./Core/Src/main.o
 .debug_macro   0x0000000000016512       0x1c ./Core/Src/main.o
 .debug_macro   0x000000000001652e      0x1e3 ./Core/Src/mathops.o
 .debug_macro   0x0000000000016711      0x1df ./Core/Src/stm32_utils.o
 .debug_macro   0x00000000000168f0      0x1d0 ./Core/Src/stm32f1xx_hal_msp.o
 .debug_macro   0x0000000000016ac0      0x1da ./Core/Src/stm32f1xx_it.o
 .debug_macro   0x0000000000016c9a      0x1c1 ./Core/Src/system_stm32f1xx.o
 .debug_macro   0x0000000000016e5b      0x1e5 ./Drivers/STM32F1xx_HAL_Driver/Src/stm32f1xx_hal.o
 .debug_macro   0x0000000000017040      0x1de ./Drivers/STM32F1xx_HAL_Driver/Src/stm32f1xx_hal_adc.o
 .debug_macro   0x000000000001721e      0x1d3 ./Drivers/STM32F1xx_HAL_Driver/Src/stm32f1xx_hal_adc_ex.o
 .debug_macro   0x00000000000173f1      0x1c1 ./Drivers/STM32F1xx_HAL_Driver/Src/stm32f1xx_hal_cortex.o
 .debug_macro   0x00000000000175b2      0x1c1 ./Drivers/STM32F1xx_HAL_Driver/Src/stm32f1xx_hal_dma.o
 .debug_macro   0x0000000000017773      0x22c ./Drivers/STM32F1xx_HAL_Driver/Src/stm32f1xx_hal_gpio.o
 .debug_macro   0x000000000001799f      0x208 ./Drivers/STM32F1xx_HAL_Driver/Src/stm32f1xx_hal_i2c.o
 .debug_macro   0x0000000000017ba7      0x1d3 ./Drivers/STM32F1xx_HAL_Driver/Src/stm32f1xx_hal_rcc.o
 .debug_macro   0x0000000000017d7a      0x1c1 ./Drivers/STM32F1xx_HAL_Driver/Src/stm32f1xx_hal_rcc_ex.o
 .debug_macro   0x0000000000017f3b      0x1c2 ./Drivers/STM32F1xx_HAL_Driver/Src/stm32f1xx_hal_tim.o
 .debug_macro   0x00000000000180fd      0x1c1 ./Drivers/STM32F1xx_HAL_Driver/Src/stm32f1xx_hal_tim_ex.o
 .debug_macro   0x00000000000182be      0x1c2 ./Drivers/STM32F1xx_HAL_Driver/Src/stm32f1xx_hal_uart.o

.debug_line     0x0000000000000000    0x13cff
 .debug_line    0x0000000000000000      0x6fc ./Core/Src/control.o
 .debug_line    0x00000000000006fc      0xd92 ./Core/Src/main.o
 .debug_line    0x000000000000148e      0x8a8 ./Core/Src/mathops.o
 .debug_line    0x0000000000001d36      0x7a9 ./Core/Src/stm32_utils.o
 .debug_line    0x00000000000024df      0x8a2 ./Core/Src/stm32f1xx_hal_msp.o
 .debug_line    0x0000000000002d81      0x7f4 ./Core/Src/stm32f1xx_it.o
 .debug_line    0x0000000000003575      0x738 ./Core/Src/system_stm32f1xx.o
 .debug_line    0x0000000000003cad       0x86 ./Core/Startup/startup_stm32f103c8tx.o
 .debug_line    0x0000000000003d33      0x965 ./Drivers/STM32F1xx_HAL_Driver/Src/stm32f1xx_hal.o
 .debug_line    0x0000000000004698      0xfdc ./Drivers/STM32F1xx_HAL_Driver/Src/stm32f1xx_hal_adc.o
 .debug_line    0x0000000000005674      0xd2a ./Drivers/STM32F1xx_HAL_Driver/Src/stm32f1xx_hal_adc_ex.o
 .debug_line    0x000000000000639e      0xb4d ./Drivers/STM32F1xx_HAL_Driver/Src/stm32f1xx_hal_cortex.o
 .debug_line    0x0000000000006eeb      0xdbd ./Drivers/STM32F1xx_HAL_Driver/Src/stm32f1xx_hal_dma.o
 .debug_line    0x0000000000007ca8      0x9fc ./Drivers/STM32F1xx_HAL_Driver/Src/stm32f1xx_hal_gpio.o
 .debug_line    0x00000000000086a4     0x3a4f ./Drivers/STM32F1xx_HAL_Driver/Src/stm32f1xx_hal_i2c.o
 .debug_line    0x000000000000c0f3      0xd73 ./Drivers/STM32F1xx_HAL_Driver/Src/stm32f1xx_hal_rcc.o
 .debug_line    0x000000000000ce66      0x8b1 ./Drivers/STM32F1xx_HAL_Driver/Src/stm32f1xx_hal_rcc_ex.o
 .debug_line    0x000000000000d717     0x331b ./Drivers/STM32F1xx_HAL_Driver/Src/stm32f1xx_hal_tim.o
 .debug_line    0x0000000000010a32     0x188d ./Drivers/STM32F1xx_HAL_Driver/Src/stm32f1xx_hal_tim_ex.o
 .debug_line    0x00000000000122bf     0x1a40 ./Drivers/STM32F1xx_HAL_Driver/Src/stm32f1xx_hal_uart.o

.debug_str      0x0000000000000000    0x8e623
 .debug_str     0x0000000000000000    0x897c8 ./Core/Src/control.o
                                      0x89b42 (size before relaxing)
 .debug_str     0x00000000000897c8     0x14a5 ./Core/Src/main.o
                                      0x8b1a6 (size before relaxing)
 .debug_str     0x000000000008ac6d       0x71 ./Core/Src/mathops.o
                                      0x89b21 (size before relaxing)
 .debug_str     0x000000000008acde       0x4f ./Core/Src/stm32_utils.o
                                      0x89aff (size before relaxing)
 .debug_str     0x000000000008ad2d      0x143 ./Core/Src/stm32f1xx_hal_msp.o
                                      0x8a86b (size before relaxing)
 .debug_str     0x000000000008ae70      0x155 ./Core/Src/stm32f1xx_it.o
                                      0x8a05a (size before relaxing)
 .debug_str     0x000000000008afc5       0x7e ./Core/Src/system_stm32f1xx.o
                                      0x895a2 (size before relaxing)
 .debug_str     0x000000000008b043       0x36 ./Core/Startup/startup_stm32f103c8tx.o
                                         0x66 (size before relaxing)
 .debug_str     0x000000000008b079      0x384 ./Drivers/STM32F1xx_HAL_Driver/Src/stm32f1xx_hal.o
                                      0x89cd5 (size before relaxing)
 .debug_str     0x000000000008b3fd      0x353 ./Drivers/STM32F1xx_HAL_Driver/Src/stm32f1xx_hal_adc.o
                                      0x89c7f (size before relaxing)
 .debug_str     0x000000000008b750      0x2d8 ./Drivers/STM32F1xx_HAL_Driver/Src/stm32f1xx_hal_adc_ex.o
                                      0x89c56 (size before relaxing)
 .debug_str     0x000000000008ba28      0x28a ./Drivers/STM32F1xx_HAL_Driver/Src/stm32f1xx_hal_cortex.o
                                      0x89c21 (size before relaxing)
 .debug_str     0x000000000008bcb2      0x1e7 ./Drivers/STM32F1xx_HAL_Driver/Src/stm32f1xx_hal_dma.o
                                      0x8994b (size before relaxing)
 .debug_str     0x000000000008be99      0x284 ./Drivers/STM32F1xx_HAL_Driver/Src/stm32f1xx_hal_gpio.o
                                      0x89928 (size before relaxing)
 .debug_str     0x000000000008c11d      0xb3e ./Drivers/STM32F1xx_HAL_Driver/Src/stm32f1xx_hal_i2c.o
                                      0x8a616 (size before relaxing)
 .debug_str     0x000000000008cc5b      0x209 ./Drivers/STM32F1xx_HAL_Driver/Src/stm32f1xx_hal_rcc.o
                                      0x899d1 (size before relaxing)
 .debug_str     0x000000000008ce64       0x84 ./Drivers/STM32F1xx_HAL_Driver/Src/stm32f1xx_hal_rcc_ex.o
                                      0x89721 (size before relaxing)
 .debug_str     0x000000000008cee8      0xcd8 ./Drivers/STM32F1xx_HAL_Driver/Src/stm32f1xx_hal_tim.o
                                      0x8a9bc (size before relaxing)
 .debug_str     0x000000000008dbc0      0x493 ./Drivers/STM32F1xx_HAL_Driver/Src/stm32f1xx_hal_tim_ex.o
                                      0x8a1d8 (size before relaxing)
 .debug_str     0x000000000008e053      0x5d0 ./Drivers/STM32F1xx_HAL_Driver/Src/stm32f1xx_hal_uart.o
                                      0x89fdc (size before relaxing)

.comment        0x0000000000000000       0x50
 .comment       0x0000000000000000       0x50 ./Core/Src/control.o
                                         0x51 (size before relaxing)
 .comment       0x0000000000000050       0x51 ./Core/Src/main.o
 .comment       0x0000000000000050       0x51 ./Core/Src/mathops.o
 .comment       0x0000000000000050       0x51 ./Core/Src/stm32_utils.o
 .comment       0x0000000000000050       0x51 ./Core/Src/stm32f1xx_hal_msp.o
 .comment       0x0000000000000050       0x51 ./Core/Src/stm32f1xx_it.o
 .comment       0x0000000000000050       0x51 ./Core/Src/system_stm32f1xx.o
 .comment       0x0000000000000050       0x51 ./Drivers/STM32F1xx_HAL_Driver/Src/stm32f1xx_hal.o
 .comment       0x0000000000000050       0x51 ./Drivers/STM32F1xx_HAL_Driver/Src/stm32f1xx_hal_adc.o
 .comment       0x0000000000000050       0x51 ./Drivers/STM32F1xx_HAL_Driver/Src/stm32f1xx_hal_adc_ex.o
 .comment       0x0000000000000050       0x51 ./Drivers/STM32F1xx_HAL_Driver/Src/stm32f1xx_hal_cortex.o
 .comment       0x0000000000000050       0x51 ./Drivers/STM32F1xx_HAL_Driver/Src/stm32f1xx_hal_dma.o
 .comment       0x0000000000000050       0x51 ./Drivers/STM32F1xx_HAL_Driver/Src/stm32f1xx_hal_gpio.o
 .comment       0x0000000000000050       0x51 ./Drivers/STM32F1xx_HAL_Driver/Src/stm32f1xx_hal_i2c.o
 .comment       0x0000000000000050       0x51 ./Drivers/STM32F1xx_HAL_Driver/Src/stm32f1xx_hal_rcc.o
 .comment       0x0000000000000050       0x51 ./Drivers/STM32F1xx_HAL_Driver/Src/stm32f1xx_hal_rcc_ex.o
 .comment       0x0000000000000050       0x51 ./Drivers/STM32F1xx_HAL_Driver/Src/stm32f1xx_hal_tim.o
 .comment       0x0000000000000050       0x51 ./Drivers/STM32F1xx_HAL_Driver/Src/stm32f1xx_hal_tim_ex.o
 .comment       0x0000000000000050       0x51 ./Drivers/STM32F1xx_HAL_Driver/Src/stm32f1xx_hal_uart.o

.debug_frame    0x0000000000000000     0x4a00
 .debug_frame   0x0000000000000000       0x60 ./Core/Src/control.o
 .debug_frame   0x0000000000000060      0x230 ./Core/Src/main.o
 .debug_frame   0x0000000000000290      0x194 ./Core/Src/mathops.o
 .debug_frame   0x0000000000000424       0xc8 ./Core/Src/stm32_utils.o
 .debug_frame   0x00000000000004ec      0x17c ./Core/Src/stm32f1xx_hal_msp.o
 .debug_frame   0x0000000000000668      0x190 ./Core/Src/stm32f1xx_it.o
 .debug_frame   0x00000000000007f8       0x58 ./Core/Src/system_stm32f1xx.o
 .debug_frame   0x0000000000000850      0x334 ./Drivers/STM32F1xx_HAL_Driver/Src/stm32f1xx_hal.o
 .debug_frame   0x0000000000000b84      0x40c ./Drivers/STM32F1xx_HAL_Driver/Src/stm32f1xx_hal_adc.o
 .debug_frame   0x0000000000000f90      0x200 ./Drivers/STM32F1xx_HAL_Driver/Src/stm32f1xx_hal_adc_ex.o
 .debug_frame   0x0000000000001190      0x428 ./Drivers/STM32F1xx_HAL_Driver/Src/stm32f1xx_hal_cortex.o
 .debug_frame   0x00000000000015b8      0x208 ./Drivers/STM32F1xx_HAL_Driver/Src/stm32f1xx_hal_dma.o
 .debug_frame   0x00000000000017c0      0x14c ./Drivers/STM32F1xx_HAL_Driver/Src/stm32f1xx_hal_gpio.o
 .debug_frame   0x000000000000190c      0xc5c ./Drivers/STM32F1xx_HAL_Driver/Src/stm32f1xx_hal_i2c.o
 .debug_frame   0x0000000000002568      0x21c ./Drivers/STM32F1xx_HAL_Driver/Src/stm32f1xx_hal_rcc.o
 .debug_frame   0x0000000000002784       0x84 ./Drivers/STM32F1xx_HAL_Driver/Src/stm32f1xx_hal_rcc_ex.o
 .debug_frame   0x0000000000002808     0x11b8 ./Drivers/STM32F1xx_HAL_Driver/Src/stm32f1xx_hal_tim.o
 .debug_frame   0x00000000000039c0      0x638 ./Drivers/STM32F1xx_HAL_Driver/Src/stm32f1xx_hal_tim_ex.o
 .debug_frame   0x0000000000003ff8      0x914 ./Drivers/STM32F1xx_HAL_Driver/Src/stm32f1xx_hal_uart.o
 .debug_frame   0x000000000000490c       0x2c c:/st/stm32cubeide_1.10.0/stm32cubeide/plugins/com.st.stm32cube.ide.mcu.externaltools.gnu-tools-for-stm32.10.3-2021.10.win32_1.0.0.202111181127/tools/bin/../lib/gcc/arm-none-eabi/10.3.1/../../../../arm-none-eabi/lib/thumb/v7-m/nofp\libc_nano.a(lib_a-init.o)
 .debug_frame   0x0000000000004938       0x20 c:/st/stm32cubeide_1.10.0/stm32cubeide/plugins/com.st.stm32cube.ide.mcu.externaltools.gnu-tools-for-stm32.10.3-2021.10.win32_1.0.0.202111181127/tools/bin/../lib/gcc/arm-none-eabi/10.3.1/../../../../arm-none-eabi/lib/thumb/v7-m/nofp\libc_nano.a(lib_a-memset.o)
 .debug_frame   0x0000000000004958       0x4c c:/st/stm32cubeide_1.10.0/stm32cubeide/plugins/com.st.stm32cube.ide.mcu.externaltools.gnu-tools-for-stm32.10.3-2021.10.win32_1.0.0.202111181127/tools/bin/../lib/gcc/arm-none-eabi/10.3.1/thumb/v7-m/nofp\libgcc.a(_arm_addsubsf3.o)
 .debug_frame   0x00000000000049a4       0x38 c:/st/stm32cubeide_1.10.0/stm32cubeide/plugins/com.st.stm32cube.ide.mcu.externaltools.gnu-tools-for-stm32.10.3-2021.10.win32_1.0.0.202111181127/tools/bin/../lib/gcc/arm-none-eabi/10.3.1/thumb/v7-m/nofp\libgcc.a(_arm_muldivsf3.o)
 .debug_frame   0x00000000000049dc       0x24 c:/st/stm32cubeide_1.10.0/stm32cubeide/plugins/com.st.stm32cube.ide.mcu.externaltools.gnu-tools-for-stm32.10.3-2021.10.win32_1.0.0.202111181127/tools/bin/../lib/gcc/arm-none-eabi/10.3.1/thumb/v7-m/nofp\libgcc.a(_arm_fixunssfsi.o)
